Microchip MPLAB XC8 Compiler V2.20

Linker command line:

-W-3 --edf=D:\Installations\Microchip\xc8\v2.20\pic\dat\en_msgs.txt -cn \
  -h+dist/default/debug\16f15356.X.debug.sym \
  --cmf=dist/default/debug\16f15356.X.debug.cmf -z -Q16F15356 \
  -oC:\Users\i14746\AppData\Local\Temp\s2d8s.2 --defsym=__MPLAB_BUILD=1 \
  -Mdist/default/debug/16f15356.X.debug.map -E1 -ver=XC8 Compiler \
  --acfsm=1493 -ASTACK=02008h-027EFh -pstack=STACK -ACODE=00h-07FFhx8 \
  -ASTRCODE=00h-03FFFh -ASTRING=00h-0FFhx64 -ACONST=00h-0FFhx64 \
  -AENTRY=00h-0FFhx64 -ACOMMON=070h-07Fh -ABANK0=020h-06Fh \
  -ABANK1=0A0h-0EFh -ABANK2=0120h-016Fh -ABANK3=01A0h-01EFh \
  -ABANK4=0220h-026Fh -ABANK5=02A0h-02EFh -ABANK6=0320h-036Fh \
  -ABANK7=03A0h-03EFh -ABANK8=0420h-046Fh -ABANK9=04A0h-04EFh \
  -ABANK10=0520h-056Fh -ABANK11=05A0h-05EFh -ABANK12=0620h-066Fh \
  -ABANK13=06A0h-06EFh -ABANK14=0720h-076Fh -ABANK15=07A0h-07EFh \
  -ABANK16=0820h-086Fh -ABANK17=08A0h-08EFh -ABANK18=0920h-096Fh \
  -ABANK19=09A0h-09EFh -ABANK20=0A20h-0A6Fh -ABANK21=0AA0h-0AEFh \
  -ABANK22=0B20h-0B6Fh -ABANK23=0BA0h-0BEFh -ABANK24=0C20h-0C6Fh \
  -ABANK25=0CA0h-0CBFh -ABIGRAM=02000h-027EFh \
  -ARAM=020h-06Fh,0A0h-0EFh,0120h-016Fh,01A0h-01EFh,0220h-026Fh,02A0h-02EFh,0320h-036Fh,03A0h-03EFh,0420h-046Fh,04A0h-04EFh,0520h-056Fh,05A0h-05EFh,0620h-066Fh,06A0h-06EFh,0720h-076Fh,07A0h-07EFh,0820h-086Fh,08A0h-08EFh,0920h-096Fh,09A0h-09EFh,0A20h-0A6Fh,0AA0h-0AEFh,0B20h-0B6Fh,0BA0h-0BEFh,0C20h-0C6Fh,0CA0h-0CBFh \
  -AABS1=020h-07Fh,0A0h-0EFh,0120h-016Fh,01A0h-01EFh,0220h-026Fh,02A0h-02EFh,0320h-036Fh,03A0h-03EFh,0420h-046Fh,04A0h-04EFh,0520h-056Fh,05A0h-05EFh,0620h-066Fh,06A0h-06EFh,0720h-076Fh,07A0h-07EFh,0820h-086Fh,08A0h-08EFh,0920h-096Fh,09A0h-09EFh,0A20h-0A6Fh,0AA0h-0AEFh,0B20h-0B6Fh,0BA0h-0BEFh,0C20h-0C6Fh,0CA0h-0CBFh \
  -ASFR0=00h-01Fh -ASFR1=080h-09Fh -ASFR2=0100h-011Fh -ASFR3=0180h-019Fh \
  -ASFR4=0200h-021Fh -ASFR5=0280h-029Fh -ASFR6=0300h-031Fh \
  -ASFR7=0380h-039Fh -ASFR8=0400h-041Fh -ASFR9=0480h-049Fh \
  -ASFR10=0500h-051Fh -ASFR11=0580h-059Fh -ASFR12=0600h-061Fh \
  -ASFR13=0680h-069Fh -ASFR14=0700h-071Fh -ASFR15=0780h-079Fh \
  -ASFR16=0800h-081Fh -ASFR17=0880h-089Fh -ASFR18=0900h-091Fh \
  -ASFR19=0980h-099Fh -ASFR20=0A00h-0A1Fh -ASFR21=0A80h-0A9Fh \
  -ASFR22=0B00h-0B1Fh -ASFR23=0B80h-0B9Fh -ASFR24=0C00h-0C1Fh \
  -ASFR25=0C80h-0C9Fh -ASFR26=0D00h-0D6Fh -ASFR27=0D80h-0DEFh \
  -ASFR28=0E00h-0E6Fh -ASFR29=0E80h-0EEFh -ASFR30=0F00h-0F6Fh \
  -ASFR31=0F80h-0FEFh -ASFR32=01000h-0106Fh -ASFR33=01080h-010EFh \
  -ASFR34=01100h-0116Fh -ASFR35=01180h-011EFh -ASFR36=01200h-0126Fh \
  -ASFR37=01280h-012EFh -ASFR38=01300h-0136Fh -ASFR39=01380h-013EFh \
  -ASFR40=01400h-0146Fh -ASFR41=01480h-014EFh -ASFR42=01500h-0156Fh \
  -ASFR43=01580h-015EFh -ASFR44=01600h-0166Fh -ASFR45=01680h-016EFh \
  -ASFR46=01700h-0176Fh -ASFR47=01780h-017EFh -ASFR48=01800h-0186Fh \
  -ASFR49=01880h-018EFh -ASFR50=01900h-0196Fh -ASFR51=01980h-019EFh \
  -ASFR52=01A00h-01A6Fh -ASFR53=01A80h-01AEFh -ASFR54=01B00h-01B6Fh \
  -ASFR55=01B80h-01BEFh -ASFR56=01C00h-01C6Fh -ASFR57=01C80h-01CEFh \
  -ASFR58=01D00h-01D6Fh -ASFR59=01D80h-01DEFh -ASFR60=01E00h-01E6Fh \
  -ASFR61=01E80h-01EEFh -ASFR62=01F00h-01F6Fh -ASFR63=01F80h-01FEFh \
  -ACONFIG=08007h-0800Bh -DCONFIG=2 -AIDLOC=08000h-08003h -DIDLOC=2 \
  -preset_vec=00h,intentry,init,end_init -ppowerup=CODE -pcinit=CODE \
  -pfunctab=ENTRY -DCODE=2 -DSTRCODE=2 -DSTRING=2 -DCONST=2 -DENTRY=2 -k \
  C:\Users\i14746\AppData\Local\Temp\s2d8s.o \
  dist/default/debug\16f15356.X.debug.o 

Object code version is 3.11

Machine type is 16F15356



                Name                               Link     Load   Length Selector   Space Scale
C:\Users\i14746\AppData\Local\Temp\s2d8s.o
                end_init                              2        2        2        0       0
                reset_vec                             0        0        2        0       0
dist/default/debug\16f15356.X.debug.o
                cinit                               7FD      7FD        3      FFA       0
                text1                               7BD      7BD        B      F7A       0
                maintext                            7C8      7C8       35      F90       0
                cstackBANK0                          20       20        8       20       1
                cstackCOMMON                         70       70        B       70       1

TOTAL           Name                               Link     Load   Length     Space
        CLASS   STACK          

        CLASS   CODE           
                end_init                              2        2        2         0
                cinit                               7FD      7FD        3         0
                reset_vec                             0        0        2         0
                text1                               7BD      7BD        B         0
                maintext                            7C8      7C8       35         0

        CLASS   STRCODE        

        CLASS   STRING         

        CLASS   CONST          

        CLASS   ENTRY          

        CLASS   COMMON         
                cstackCOMMON                         70       70        B         1

        CLASS   BANK0          
                cstackBANK0                          20       20        8         1

        CLASS   BANK1          

        CLASS   BANK2          

        CLASS   BANK3          

        CLASS   BANK4          

        CLASS   BANK5          

        CLASS   BANK6          

        CLASS   BANK7          

        CLASS   BANK8          

        CLASS   BANK9          

        CLASS   BANK10         

        CLASS   BANK11         

        CLASS   BANK12         

        CLASS   BANK13         

        CLASS   BANK14         

        CLASS   BANK15         

        CLASS   BANK16         

        CLASS   BANK17         

        CLASS   BANK18         

        CLASS   BANK19         

        CLASS   BANK20         

        CLASS   BANK21         

        CLASS   BANK22         

        CLASS   BANK23         

        CLASS   BANK24         

        CLASS   BANK25         

        CLASS   BIGRAM         

        CLASS   RAM            

        CLASS   ABS1           
                abs_s1                               7E       7E        2         1

        CLASS   SFR0           

        CLASS   SFR1           

        CLASS   SFR2           

        CLASS   SFR3           

        CLASS   SFR4           

        CLASS   SFR5           

        CLASS   SFR6           

        CLASS   SFR7           

        CLASS   SFR8           

        CLASS   SFR9           

        CLASS   SFR10          

        CLASS   SFR11          

        CLASS   SFR12          

        CLASS   SFR13          

        CLASS   SFR14          

        CLASS   SFR15          

        CLASS   SFR16          

        CLASS   SFR17          

        CLASS   SFR18          

        CLASS   SFR19          

        CLASS   SFR20          

        CLASS   SFR21          

        CLASS   SFR22          

        CLASS   SFR23          

        CLASS   SFR24          

        CLASS   SFR25          

        CLASS   SFR26          

        CLASS   SFR27          

        CLASS   SFR28          

        CLASS   SFR29          

        CLASS   SFR30          

        CLASS   SFR31          

        CLASS   SFR32          

        CLASS   SFR33          

        CLASS   SFR34          

        CLASS   SFR35          

        CLASS   SFR36          

        CLASS   SFR37          

        CLASS   SFR38          

        CLASS   SFR39          

        CLASS   SFR40          

        CLASS   SFR41          

        CLASS   SFR42          

        CLASS   SFR43          

        CLASS   SFR44          

        CLASS   SFR45          

        CLASS   SFR46          

        CLASS   SFR47          

        CLASS   SFR48          

        CLASS   SFR49          

        CLASS   SFR50          

        CLASS   SFR51          

        CLASS   SFR52          

        CLASS   SFR53          

        CLASS   SFR54          

        CLASS   SFR55          

        CLASS   SFR56          

        CLASS   SFR57          

        CLASS   SFR58          

        CLASS   SFR59          

        CLASS   SFR60          

        CLASS   SFR61          

        CLASS   SFR62          

        CLASS   SFR63          

        CLASS   CONFIG         

        CLASS   IDLOC          

        CLASS   BANK63         

        CLASS   BANK62         

        CLASS   BANK61         

        CLASS   BANK60         

        CLASS   BANK59         

        CLASS   BANK58         

        CLASS   BANK57         

        CLASS   BANK56         

        CLASS   BANK55         

        CLASS   BANK54         

        CLASS   BANK53         

        CLASS   BANK52         

        CLASS   BANK51         

        CLASS   BANK50         

        CLASS   BANK49         

        CLASS   BANK48         

        CLASS   BANK47         

        CLASS   BANK46         

        CLASS   BANK45         

        CLASS   BANK44         

        CLASS   BANK43         

        CLASS   BANK42         

        CLASS   BANK41         

        CLASS   BANK40         

        CLASS   BANK39         

        CLASS   BANK38         

        CLASS   BANK37         

        CLASS   BANK36         

        CLASS   BANK35         

        CLASS   BANK34         

        CLASS   BANK33         

        CLASS   BANK32         

        CLASS   BANK31         

        CLASS   BANK30         

        CLASS   BANK29         

        CLASS   BANK28         

        CLASS   BANK27         

        CLASS   BANK26         

        CLASS   EEDATA         



SEGMENTS        Name                           Load    Length   Top    Selector   Space  Class     Delta

                reset_vec                      000000  000004  000004         0       0  CODE        2
                cstackBANK0                    000020  000008  000028        20       1  BANK0       1
                cstackCOMMON                   000070  00000B  00007B        70       1  COMMON      1
                text1                          0007BD  00000B  0007C8       F7A       0  CODE        2
                maintext                       0007C8  000035  0007FD       F90       0  CODE        2
                cinit                          0007FD  000003  000800       FFA       0  CODE        2


UNUSED ADDRESS RANGES

        Name                Unused          Largest block    Delta
        BANK0            0028-006F             48           1
        BANK1            00A0-00EF             50           1
        BANK10           0520-056F             50           1
        BANK11           05A0-05EF             50           1
        BANK12           0620-066F             50           1
        BANK13           06A0-06EF             50           1
        BANK14           0720-076F             50           1
        BANK15           07A0-07EF             50           1
        BANK16           0820-086F             50           1
        BANK17           08A0-08EF             50           1
        BANK18           0920-096F             50           1
        BANK19           09A0-09EF             50           1
        BANK2            0120-016F             50           1
        BANK20           0A20-0A6F             50           1
        BANK21           0AA0-0AEF             50           1
        BANK22           0B20-0B6F             50           1
        BANK23           0BA0-0BEF             50           1
        BANK24           0C20-0C6F             50           1
        BANK25           0CA0-0CBF             20           1
        BANK3            01A0-01EF             50           1
        BANK4            0220-026F             50           1
        BANK5            02A0-02EF             50           1
        BANK6            0320-036F             50           1
        BANK7            03A0-03EF             50           1
        BANK8            0420-046F             50           1
        BANK9            04A0-04EF             50           1
        BIGRAM           2000-27EF            7F0           1
        CODE             0004-07BC            7B9           2
                         0800-3FFF            800
        COMMON           007B-007D              3           1
        CONFIG           8007-800B              5           2
        CONST            0004-07BC            100           2
                         0800-3FFF            100
        ENTRY            0004-07BC            100           2
                         0800-3FFF            100
        IDLOC            8000-8003              4           2
        RAM              0028-006F             48           1
                         00A0-00EF             50
                         0120-016F             50
                         01A0-01EF             50
                         0220-026F             50
                         02A0-02EF             50
                         0320-036F             50
                         03A0-03EF             50
                         0420-046F             50
                         04A0-04EF             50
                         0520-056F             50
                         05A0-05EF             50
                         0620-066F             50
                         06A0-06EF             50
                         0720-076F             50
                         07A0-07EF             50
                         0820-086F             50
                         08A0-08EF             50
                         0920-096F             50
                         09A0-09EF             50
                         0A20-0A6F             50
                         0AA0-0AEF             50
                         0B20-0B6F             50
                         0BA0-0BEF             50
                         0C20-0C6F             50
                         0CA0-0CBF             20
        SFR0             0000-001F             20           1
        SFR1             0080-009F             20           1
        SFR10            0500-051F             20           1
        SFR11            0580-059F             20           1
        SFR12            0600-061F             20           1
        SFR13            0680-069F             20           1
        SFR14            0700-071F             20           1
        SFR15            0780-079F             20           1
        SFR16            0800-081F             20           1
        SFR17            0880-089F             20           1
        SFR18            0900-091F             20           1
        SFR19            0980-099F             20           1
        SFR2             0100-011F             20           1
        SFR20            0A00-0A1F             20           1
        SFR21            0A80-0A9F             20           1
        SFR22            0B00-0B1F             20           1
        SFR23            0B80-0B9F             20           1
        SFR24            0C00-0C1F             20           1
        SFR25            0C80-0C9F             20           1
        SFR26            0D00-0D6F             70           1
        SFR27            0D80-0DEF             70           1
        SFR28            0E00-0E6F             70           1
        SFR29            0E80-0EEF             70           1
        SFR3             0180-019F             20           1
        SFR30            0F00-0F6F             70           1
        SFR31            0F80-0FEF             70           1
        SFR32            1000-106F             70           1
        SFR33            1080-10EF             70           1
        SFR34            1100-116F             70           1
        SFR35            1180-11EF             70           1
        SFR36            1200-126F             70           1
        SFR37            1280-12EF             70           1
        SFR38            1300-136F             70           1
        SFR39            1380-13EF             70           1
        SFR4             0200-021F             20           1
        SFR40            1400-146F             70           1
        SFR41            1480-14EF             70           1
        SFR42            1500-156F             70           1
        SFR43            1580-15EF             70           1
        SFR44            1600-166F             70           1
        SFR45            1680-16EF             70           1
        SFR46            1700-176F             70           1
        SFR47            1780-17EF             70           1
        SFR48            1800-186F             70           1
        SFR49            1880-18EF             70           1
        SFR5             0280-029F             20           1
        SFR50            1900-196F             70           1
        SFR51            1980-19EF             70           1
        SFR52            1A00-1A6F             70           1
        SFR53            1A80-1AEF             70           1
        SFR54            1B00-1B6F             70           1
        SFR55            1B80-1BEF             70           1
        SFR56            1C00-1C6F             70           1
        SFR57            1C80-1CEF             70           1
        SFR58            1D00-1D6F             70           1
        SFR59            1D80-1DEF             70           1
        SFR6             0300-031F             20           1
        SFR60            1E00-1E6F             70           1
        SFR61            1E80-1EEF             70           1
        SFR62            1F00-1F6F             70           1
        SFR63            1F80-1FEF             70           1
        SFR7             0380-039F             20           1
        SFR8             0400-041F             20           1
        SFR9             0480-049F             20           1
        STACK            2008-27EF            7E8           1
        STRCODE          0004-07BC            7B9           2
                         0800-3FFF           3800
        STRING           0004-07BC            100           2
                         0800-3FFF            100

                                  Symbol Table

?_add                    cstackCOMMON 0070
__Habs1                  abs1         0000
__Hbank0                 bank0        0000
__Hbank1                 bank1        0000
__Hbank10                bank10       0000
__Hbank11                bank11       0000
__Hbank12                bank12       0000
__Hbank13                bank13       0000
__Hbank14                bank14       0000
__Hbank15                bank15       0000
__Hbank16                bank16       0000
__Hbank17                bank17       0000
__Hbank18                bank18       0000
__Hbank19                bank19       0000
__Hbank2                 bank2        0000
__Hbank20                bank20       0000
__Hbank21                bank21       0000
__Hbank22                bank22       0000
__Hbank23                bank23       0000
__Hbank24                bank24       0000
__Hbank25                bank25       0000
__Hbank26                bank26       0000
__Hbank27                bank27       0000
__Hbank28                bank28       0000
__Hbank29                bank29       0000
__Hbank3                 bank3        0000
__Hbank30                bank30       0000
__Hbank31                bank31       0000
__Hbank32                bank32       0000
__Hbank33                bank33       0000
__Hbank34                bank34       0000
__Hbank35                bank35       0000
__Hbank36                bank36       0000
__Hbank37                bank37       0000
__Hbank38                bank38       0000
__Hbank39                bank39       0000
__Hbank4                 bank4        0000
__Hbank40                bank40       0000
__Hbank41                bank41       0000
__Hbank42                bank42       0000
__Hbank43                bank43       0000
__Hbank44                bank44       0000
__Hbank45                bank45       0000
__Hbank46                bank46       0000
__Hbank47                bank47       0000
__Hbank48                bank48       0000
__Hbank49                bank49       0000
__Hbank5                 bank5        0000
__Hbank50                bank50       0000
__Hbank51                bank51       0000
__Hbank52                bank52       0000
__Hbank53                bank53       0000
__Hbank54                bank54       0000
__Hbank55                bank55       0000
__Hbank56                bank56       0000
__Hbank57                bank57       0000
__Hbank58                bank58       0000
__Hbank59                bank59       0000
__Hbank6                 bank6        0000
__Hbank60                bank60       0000
__Hbank61                bank61       0000
__Hbank62                bank62       0000
__Hbank63                bank63       0000
__Hbank7                 bank7        0000
__Hbank8                 bank8        0000
__Hbank9                 bank9        0000
__Hbigram                bigram       0000
__Hcinit                 cinit        0800
__Hclrtext               clrtext      0000
__Hcode                  code         0000
__Hcommon                common       0000
__HcstackBANK0           cstackBANK0  0000
__HcstackCOMMON          cstackCOMMON 0000
__Heeprom_data           eeprom_data  0000
__Hend_init              end_init     0004
__Hfunctab               functab      0000
__Hinit                  init         0002
__Hintentry              intentry     0002
__Hmaintext              maintext     0000
__Hpowerup               powerup      0000
__Hram                   ram          0000
__Hreset_vec             reset_vec    0002
__Hsfr0                  sfr0         0000
__Hsfr1                  sfr1         0000
__Hsfr10                 sfr10        0000
__Hsfr11                 sfr11        0000
__Hsfr12                 sfr12        0000
__Hsfr13                 sfr13        0000
__Hsfr14                 sfr14        0000
__Hsfr15                 sfr15        0000
__Hsfr16                 sfr16        0000
__Hsfr17                 sfr17        0000
__Hsfr18                 sfr18        0000
__Hsfr19                 sfr19        0000
__Hsfr2                  sfr2         0000
__Hsfr20                 sfr20        0000
__Hsfr21                 sfr21        0000
__Hsfr22                 sfr22        0000
__Hsfr23                 sfr23        0000
__Hsfr24                 sfr24        0000
__Hsfr25                 sfr25        0000
__Hsfr26                 sfr26        0000
__Hsfr27                 sfr27        0000
__Hsfr28                 sfr28        0000
__Hsfr29                 sfr29        0000
__Hsfr3                  sfr3         0000
__Hsfr30                 sfr30        0000
__Hsfr31                 sfr31        0000
__Hsfr32                 sfr32        0000
__Hsfr33                 sfr33        0000
__Hsfr34                 sfr34        0000
__Hsfr35                 sfr35        0000
__Hsfr36                 sfr36        0000
__Hsfr37                 sfr37        0000
__Hsfr38                 sfr38        0000
__Hsfr39                 sfr39        0000
__Hsfr4                  sfr4         0000
__Hsfr40                 sfr40        0000
__Hsfr41                 sfr41        0000
__Hsfr42                 sfr42        0000
__Hsfr43                 sfr43        0000
__Hsfr44                 sfr44        0000
__Hsfr45                 sfr45        0000
__Hsfr46                 sfr46        0000
__Hsfr47                 sfr47        0000
__Hsfr48                 sfr48        0000
__Hsfr49                 sfr49        0000
__Hsfr5                  sfr5         0000
__Hsfr50                 sfr50        0000
__Hsfr51                 sfr51        0000
__Hsfr52                 sfr52        0000
__Hsfr53                 sfr53        0000
__Hsfr54                 sfr54        0000
__Hsfr55                 sfr55        0000
__Hsfr56                 sfr56        0000
__Hsfr57                 sfr57        0000
__Hsfr58                 sfr58        0000
__Hsfr59                 sfr59        0000
__Hsfr6                  sfr6         0000
__Hsfr60                 sfr60        0000
__Hsfr61                 sfr61        0000
__Hsfr62                 sfr62        0000
__Hsfr63                 sfr63        0000
__Hsfr7                  sfr7         0000
__Hsfr8                  sfr8         0000
__Hsfr9                  sfr9         0000
__Hspace_0               (abs)        0800
__Hspace_1               (abs)        007B
__Hspace_2               (abs)        0000
__Hspace_3               (abs)        0000
__Hstack                 stack        0000
__Hstrings               strings      0000
__Htext                  text         0000
__Labs1                  abs1         0000
__Lbank0                 bank0        0000
__Lbank1                 bank1        0000
__Lbank10                bank10       0000
__Lbank11                bank11       0000
__Lbank12                bank12       0000
__Lbank13                bank13       0000
__Lbank14                bank14       0000
__Lbank15                bank15       0000
__Lbank16                bank16       0000
__Lbank17                bank17       0000
__Lbank18                bank18       0000
__Lbank19                bank19       0000
__Lbank2                 bank2        0000
__Lbank20                bank20       0000
__Lbank21                bank21       0000
__Lbank22                bank22       0000
__Lbank23                bank23       0000
__Lbank24                bank24       0000
__Lbank25                bank25       0000
__Lbank26                bank26       0000
__Lbank27                bank27       0000
__Lbank28                bank28       0000
__Lbank29                bank29       0000
__Lbank3                 bank3        0000
__Lbank30                bank30       0000
__Lbank31                bank31       0000
__Lbank32                bank32       0000
__Lbank33                bank33       0000
__Lbank34                bank34       0000
__Lbank35                bank35       0000
__Lbank36                bank36       0000
__Lbank37                bank37       0000
__Lbank38                bank38       0000
__Lbank39                bank39       0000
__Lbank4                 bank4        0000
__Lbank40                bank40       0000
__Lbank41                bank41       0000
__Lbank42                bank42       0000
__Lbank43                bank43       0000
__Lbank44                bank44       0000
__Lbank45                bank45       0000
__Lbank46                bank46       0000
__Lbank47                bank47       0000
__Lbank48                bank48       0000
__Lbank49                bank49       0000
__Lbank5                 bank5        0000
__Lbank50                bank50       0000
__Lbank51                bank51       0000
__Lbank52                bank52       0000
__Lbank53                bank53       0000
__Lbank54                bank54       0000
__Lbank55                bank55       0000
__Lbank56                bank56       0000
__Lbank57                bank57       0000
__Lbank58                bank58       0000
__Lbank59                bank59       0000
__Lbank6                 bank6        0000
__Lbank60                bank60       0000
__Lbank61                bank61       0000
__Lbank62                bank62       0000
__Lbank63                bank63       0000
__Lbank7                 bank7        0000
__Lbank8                 bank8        0000
__Lbank9                 bank9        0000
__Lbigram                bigram       0000
__Lcinit                 cinit        07FD
__Lclrtext               clrtext      0000
__Lcode                  code         0000
__Lcommon                common       0000
__LcstackBANK0           cstackBANK0  0000
__LcstackCOMMON          cstackCOMMON 0000
__Leeprom_data           eeprom_data  0000
__Lend_init              end_init     0002
__Lfunctab               functab      0000
__Linit                  init         0002
__Lintentry              intentry     0002
__Lmaintext              maintext     0000
__Lpowerup               powerup      0000
__Lram                   ram          0000
__Lreset_vec             reset_vec    0000
__Lsfr0                  sfr0         0000
__Lsfr1                  sfr1         0000
__Lsfr10                 sfr10        0000
__Lsfr11                 sfr11        0000
__Lsfr12                 sfr12        0000
__Lsfr13                 sfr13        0000
__Lsfr14                 sfr14        0000
__Lsfr15                 sfr15        0000
__Lsfr16                 sfr16        0000
__Lsfr17                 sfr17        0000
__Lsfr18                 sfr18        0000
__Lsfr19                 sfr19        0000
__Lsfr2                  sfr2         0000
__Lsfr20                 sfr20        0000
__Lsfr21                 sfr21        0000
__Lsfr22                 sfr22        0000
__Lsfr23                 sfr23        0000
__Lsfr24                 sfr24        0000
__Lsfr25                 sfr25        0000
__Lsfr26                 sfr26        0000
__Lsfr27                 sfr27        0000
__Lsfr28                 sfr28        0000
__Lsfr29                 sfr29        0000
__Lsfr3                  sfr3         0000
__Lsfr30                 sfr30        0000
__Lsfr31                 sfr31        0000
__Lsfr32                 sfr32        0000
__Lsfr33                 sfr33        0000
__Lsfr34                 sfr34        0000
__Lsfr35                 sfr35        0000
__Lsfr36                 sfr36        0000
__Lsfr37                 sfr37        0000
__Lsfr38                 sfr38        0000
__Lsfr39                 sfr39        0000
__Lsfr4                  sfr4         0000
__Lsfr40                 sfr40        0000
__Lsfr41                 sfr41        0000
__Lsfr42                 sfr42        0000
__Lsfr43                 sfr43        0000
__Lsfr44                 sfr44        0000
__Lsfr45                 sfr45        0000
__Lsfr46                 sfr46        0000
__Lsfr47                 sfr47        0000
__Lsfr48                 sfr48        0000
__Lsfr49                 sfr49        0000
__Lsfr5                  sfr5         0000
__Lsfr50                 sfr50        0000
__Lsfr51                 sfr51        0000
__Lsfr52                 sfr52        0000
__Lsfr53                 sfr53        0000
__Lsfr54                 sfr54        0000
__Lsfr55                 sfr55        0000
__Lsfr56                 sfr56        0000
__Lsfr57                 sfr57        0000
__Lsfr58                 sfr58        0000
__Lsfr59                 sfr59        0000
__Lsfr6                  sfr6         0000
__Lsfr60                 sfr60        0000
__Lsfr61                 sfr61        0000
__Lsfr62                 sfr62        0000
__Lsfr63                 sfr63        0000
__Lsfr7                  sfr7         0000
__Lsfr8                  sfr8         0000
__Lsfr9                  sfr9         0000
__Lspace_0               (abs)        0000
__Lspace_1               (abs)        0000
__Lspace_2               (abs)        0000
__Lspace_3               (abs)        0000
__Lstack                 stack        0000
__Lstrings               strings      0000
__Ltext                  text         0000
__S0                     (abs)        0800
__S1                     (abs)        007B
__S2                     (abs)        0000
___int_sp                stack        0000
___latbits               (abs)        0003
___sp                    stack        0000
___stackhi               (abs)        27EF
___stacklo               (abs)        2008
__end_of__initialization cinit        07FD
__end_of_add             text1        07C8
__end_of_main            maintext     07FD
__initialization         cinit        07FD
__pcstackBANK0           cstackBANK0  0020
__pcstackCOMMON          cstackCOMMON 0070
__pmaintext              maintext     07C8
__ptext1                 text1        07BD
__size_of_add            (abs)        0000
__size_of_main           (abs)        0000
_add                     text1        07BD
_main                    maintext     07C8
add@a                    cstackCOMMON 0070
add@b                    cstackCOMMON 0072
add@c                    cstackCOMMON 0074
btemp                    (abs)        007E
end_of_initialization    cinit        07FD
intlevel0                functab      0000
intlevel1                functab      0000
intlevel2                functab      0000
intlevel3                functab      0000
intlevel4                functab      0000
intlevel5                functab      0000
main@e                   cstackBANK0  0022
main@f                   cstackBANK0  0026
main@p                   cstackBANK0  0024
reset_vec                reset_vec    0000
start                    init         0002
start_initialization     cinit        07FD
wtemp0                   (abs)        007E


FUNCTION INFORMATION:

 *************** function _main *****************
 Defined at:
		line 17 in file "newmain.c"
 Parameters:    Size  Location     Type
  argc            2    6[COMMON] int 
  argv            2    8[COMMON] PTR PTR unsigned char 
 Auto vars:     Size  Location     Type
  p               2    4[BANK0 ] int 
  f               2    6[BANK0 ] int 
  e               2    2[BANK0 ] int 
  d               2    0        int 
 Return value:  Size  Location     Type
                  2    6[COMMON] int 
 Registers used:
		wreg, status,2, status,0, pclath, cstack
 Tracked objects:
		On entry : 
		On exit  : 
		Unchanged: 
 Data sizes:     COMMON   BANK0   BANK1   BANK2   BANK3   BANK4   BANK5   BANK6   BANK7   BANK8   BANK9  BANK10  BANK11  BANK12  BANK13  BANK14  BANK15  BANK16  BANK17  BANK18  BANK19  BANK20  BANK21  BANK22  BANK23  BANK24  BANK25
      Params:         4       0       0       0       0       0       0       0       0       0       0       0       0       0       0       0       0       0       0       0       0       0       0       0       0       0       0
      Locals:         0       8       0       0       0       0       0       0       0       0       0       0       0       0       0       0       0       0       0       0       0       0       0       0       0       0       0
      Temps:          1       0       0       0       0       0       0       0       0       0       0       0       0       0       0       0       0       0       0       0       0       0       0       0       0       0       0
      Totals:         5       8       0       0       0       0       0       0       0       0       0       0       0       0       0       0       0       0       0       0       0       0       0       0       0       0       0
Total ram usage:       13 bytes
 Hardware stack levels required when called:    1
 This function calls:
		_add
 This function is called by:
		Startup code after reset
 This function uses a non-reentrant model


 *************** function _add *****************
 Defined at:
		line 29 in file "newmain.c"
 Parameters:    Size  Location     Type
  a               2    0[COMMON] int 
  b               2    2[COMMON] int 
 Auto vars:     Size  Location     Type
  c               2    4[COMMON] int 
 Return value:  Size  Location     Type
                  2    0[COMMON] int 
 Registers used:
		wreg, status,2, status,0
 Tracked objects:
		On entry : 
		On exit  : 
		Unchanged: 
 Data sizes:     COMMON   BANK0   BANK1   BANK2   BANK3   BANK4   BANK5   BANK6   BANK7   BANK8   BANK9  BANK10  BANK11  BANK12  BANK13  BANK14  BANK15  BANK16  BANK17  BANK18  BANK19  BANK20  BANK21  BANK22  BANK23  BANK24  BANK25
      Params:         4       0       0       0       0       0       0       0       0       0       0       0       0       0       0       0       0       0       0       0       0       0       0       0       0       0       0
      Locals:         2       0       0       0       0       0       0       0       0       0       0       0       0       0       0       0       0       0       0       0       0       0       0       0       0       0       0
      Temps:          0       0       0       0       0       0       0       0       0       0       0       0       0       0       0       0       0       0       0       0       0       0       0       0       0       0       0
      Totals:         6       0       0       0       0       0       0       0       0       0       0       0       0       0       0       0       0       0       0       0       0       0       0       0       0       0       0
Total ram usage:        6 bytes
 Hardware stack levels used:    1
 This function calls:
		Nothing
 This function is called by:
		_main
 This function uses a non-reentrant model



MODULE INFORMATION

Module		Function		Class		Link	Load	Size
newmain.c
		_main          		CODE           	07C8	0000	54
		_add           		CODE           	07BD	0000	12

newmain.c estimated size: 66

shared
		__initialization		CODE           	07FD	0000	1

shared estimated size: 1

